// Jest Snapshot v1, https://goo.gl/fbAQLP

exports[`should render ExpenListItem with expense 1`] = `
<div>
  <Link
    replace={false}
    to="/edit/2"
  >
    <h3>
      Description: 
      Rent
    </h3>
  </Link>
  <p>
    Â£
    1,095.00
  </p>
  <p>
    28th Dec, 1969
  </p>
</div>
`;
